// Jest Snapshot v1, https://goo.gl/fbAQLP

exports[`HomeProvider should render correctly 1`] = `
<div
  class="mainProvContainer"
>
  <h1>
    Tell us which service you want to offer:
  </h1>
  <div
    class="provServices"
  >
    <div
      class="provService1"
    >
      <h3>
        <a
          class="text-link"
          href="/posts/create"
        >
          Create Service
        </a>
      </h3>
    </div>
    <div
      class="provService2"
    >
      <h3>
        <a
          class="text-link"
          href="/list"
        >
          List Services
        </a>
      </h3>
    </div>
  </div>
</div>
`;
