// Jest Snapshot v1, https://goo.gl/fbAQLP

exports[`Home should render correctly 1`] = `
<div
  class="mainContainer"
>
  <h1>
    Tell us which service you are looking for:
  </h1>
  <div
    class="services"
  >
    <div
      class="service1"
      data-testid="photography-view"
    >
      <h3>
        Photo
      </h3>
    </div>
    <div
      class="service2"
    >
      <h3>
        <a
          class="text-link"
          href="/category/Videography"
        >
          Video
        </a>
      </h3>
    </div>
    <div
      class="service3"
    >
      <h3>
        <a
          class="text-link"
          href="/category/Music"
        >
          Music
        </a>
      </h3>
    </div>
  </div>
</div>
`;
